// Jest Snapshot v1, https://goo.gl/fbAQLP

exports[`Orders List renders the orders' list with the right number of orders 1`] = `
<div>
  <div class="h-14 p-2 mb-1 flex border-b">
    <div class="w-6 max-w-6"></div>
    <div class="text-center items-center justify-start flex pl-2"><input data-testid="select_all_orders_checkbox" type="checkbox" class="ml-2 h-4 w-4"> <a class="ant-dropdown-link ant-dropdown-trigger" data-testid="select_all_orders_dropdown"><svg viewBox="0 0 24 24" width="24" height="24" class="text-gray-500">
          <use xlink:href="/assets/svg/sprite.svg#svg-arrow-down-s-fill" href="/assets/svg/sprite.svg#svg-arrow-down-s-fill"></use>
        </svg></a></div>
    <div class="grid grid-cols-9 gap-2 content-center text-xs w-full text-gray-600">
      <div class="col-span-1 py-2 px-4">
        temporary_id
      </div>
      <div class="col-span-1 py-2 flex items-center">
        lastOrderDate
        <a data-testid="change_sort_button"><svg viewBox="0 0 15 15" width="15" height="15" class="text-gray-600">
            <use xlink:href="/assets/svg/sprite.svg#svg-arrow-up-line" href="/assets/svg/sprite.svg#svg-arrow-up-line"></use>
          </svg></a>
      </div>
      <div class="col-span-1 py-2">
        date
      </div>
      <div class="py-2 col-span-3">
        orders.supplier.display
      </div>
      <div class="col-span-1 py-2 text-right px-4">
        orders.includesItems
      </div>
      <div class="col-span-1 py-2 text-right px-6">
        orders.price
      </div>
      <div class="col-span-1 py-2 text-right px-6">
        orders.volume
      </div>
      <!---->
    </div>
  </div>
  <!---->
  <div class="paginated-loading-list">
    <!---->
  </div>
</div>
`;
